Microchip MPLAB XC8 Compiler V3.00

Linker command line:

-W-3 \
  --edf=C:\Program Files\Microchip\xc8\v3.00\pic\dat\20241204225717_en.msgs \
  -cn -h+dist/default/production\Test_speed.X.production.sym \
  --cmf=dist/default/production\Test_speed.X.production.cmf -z -Q16F877A \
  -oC:\Users\kikif\AppData\Local\Temp\xcBsfks.1\driver_tmp_3.o \
  --defsym=__MPLAB_BUILD=1 --fixupoverflow=error \
  -Mdist/default/production/Test_speed.X.production.map \
  --md=C:\Users\kikif\AppData\Local\Temp\xcBsfks.1\driver_tmp_0.dat -E1 \
  -ver=XC8 Compiler -ACODE=00h-07FFhx4 -ASTRCODE=00h-01FFFh \
  -ASTRING=00h-0FFhx32 -ACONST=00h-0FFhx32 -AENTRY=00h-0FFhx32 \
  -ACOMMON=070h-07Fh -ABANK0=020h-06Fh -ABANK1=0A0h-0EFh \
  -ABANK2=0110h-016Fh -ABANK3=0190h-01EFh \
  -ARAM=020h-06Fh,0A0h-0EFh,0110h-016Fh,0190h-01EFh \
  -AABS1=020h-07Fh,0A0h-0EFh,0110h-016Fh,0190h-01EFh -ASFR0=00h-01Fh \
  -ASFR1=080h-09Fh -ASFR2=0100h-010Fh -ASFR3=0180h-018Fh \
  -ACONFIG=02007h-02007h -DCONFIG=2 -AIDLOC=02000h-02003h -DIDLOC=2 \
  -AEEDATA=00h-0FFh/02100h -peeprom_data=EEDATA -DEEDATA=2 -DCODE=2 \
  -DSTRCODE=2 -DSTRING=2 -DCONST=2 -DENTRY=2 \
  -preset_vec=00h,intentry=04h,sivt,init,end_init -ppowerup=CODE \
  -pcinit=CODE -pfunctab=ENTRY -k \
  C:\Users\kikif\AppData\Local\Temp\xcBsfks.1\driver_tmp_17.o \
  dist/default/production\Test_speed.X.production.o 

Object code version is 3.11

Machine type is 16F877A



                Name                               Link     Load   Length Selector   Space Scale
C:\Users\kikif\AppData\Local\Temp\xcBsfks.1\driver_tmp_17.o
                end_init                              C        C        3        8       0
                reset_vec                             0        0        3        0       0
                config                             2007     2007        1        0       4
dist/default/production\Test_speed.X.production.o
                cinit                                 F        F       21        8       0
                intentry                              4        4        8        8       0
                config                             2007     2007        1        0       4
                text36                             110F     110F       54     221E       0
                text35                             1E78     1E78       25     3CF0       0
                text34                             1E34     1E34       21     3C68       0
                text33                             1E09     1E09        A     3C12       0
                text32                              803      803        A     1006       0
                text31                             1EC4     1EC4       28     3D88       0
                text30                              9EC      9EC      2D2     13D8       0
                text29                              5D8      5D8      1CA        8       0
                text28                             1EEC     1EEC       29     3DD8       0
                text27                              CBE      CBE      342     197C       0
                text26                             12F5     12F5       76     25EA       0
                text25                             15BE     15BE       B0     2B7C       0
                text24                             11B7     11B7       65     236E       0
                text23                              7A2      7A2       59        8       0
                text22                             1FB8     1FB8       48     3F70       0
                text21                             166E     166E       B6     2CDC       0
                text20                             1E13     1E13        E     3C26       0
                text19                             1F40     1F40       3C     3E80       0
                text18                             1F7C     1F7C       3C     3EF8       0
                text17                              7FC      7FC        1        8       0
                text16                             151E     151E       A0     2A3C       0
                text15                             1282     1282       73     2504       0
                text14                             1485     1485       99     290A       0
                text13                             136B     136B       85     26D6       0
                text12                             1E21     1E21       13     3C42       0
                text11                             1F15     1F15       2B     3E2A       0
                text10                             10BC     10BC       53     2178       0
                text9                              1724     1724       DC     2E48       0
                text8                              1E9D     1E9D       27     3D3A       0
                text7                               80D      80D       57     101A       0
                text6                              121C     121C       66     2438       0
                text5                              1163     1163       54     22C6       0
                text4                              13F0     13F0       95     27E0       0
                text3                               864      864      188     10C8       0
                text2                              1E55     1E55       23     3CAA       0
                text1                              1091     1091       2B     2122       0
                maintext                             30       30      5A8        8       0
                cstackBANK0                          20       20       50       20       1
                cstackCOMMON                         70       70        8       70       1
                cstackBANK1                          A0       A0       40       A0       1
                clrtext                            1E01     1E01        8     3C02       0
                bssBANK3                            190      190       20      190       1
                dataBANK1                            E6       E6        1       A0       1
                bssBANK1                             E0       E0        6       A0       1
                bssCOMMON                            78       78        6       70       1
                strings                            1000     1000       8B     2000       0
                idataBANK1                          7FB      7FB        1        8       0

TOTAL           Name                               Link     Load   Length     Space
        CLASS   CODE           
                end_init                              C        C        3         0
                cinit                                 F        F       21         0
                intentry                              4        4        8         0
                reset_vec                             0        0        3         0
                text36                             110F     110F       54         0
                text35                             1E78     1E78       25         0
                text34                             1E34     1E34       21         0
                text33                             1E09     1E09        A         0
                text32                              803      803        A         0
                text31                             1EC4     1EC4       28         0
                text30                              9EC      9EC      2D2         0
                text29                              5D8      5D8      1CA         0
                text28                             1EEC     1EEC       29         0
                text27                              CBE      CBE      342         0
                text26                             12F5     12F5       76         0
                text25                             15BE     15BE       B0         0
                text24                             11B7     11B7       65         0
                text23                              7A2      7A2       59         0
                text22                             1FB8     1FB8       48         0
                text21                             166E     166E       B6         0
                text20                             1E13     1E13        E         0
                text19                             1F40     1F40       3C         0
                text18                             1F7C     1F7C       3C         0
                text17                              7FC      7FC        1         0
                text16                             151E     151E       A0         0
                text15                             1282     1282       73         0
                text14                             1485     1485       99         0
                text13                             136B     136B       85         0
                text12                             1E21     1E21       13         0
                text11                             1F15     1F15       2B         0
                text10                             10BC     10BC       53         0
                text9                              1724     1724       DC         0
                text8                              1E9D     1E9D       27         0
                text7                               80D      80D       57         0
                text6                              121C     121C       66         0
                text5                              1163     1163       54         0
                text4                              13F0     13F0       95         0
                text3                               864      864      188         0
                text2                              1E55     1E55       23         0
                text1                              1091     1091       2B         0
                maintext                             30       30      5A8         0
                clrtext                            1E01     1E01        8         0
                idataBANK1                          7FB      7FB        1         0

        CLASS   STRCODE        

        CLASS   STRING         
                strings                            1000     1000       8B         0

        CLASS   CONST          

        CLASS   ENTRY          

        CLASS   COMMON         
                cstackCOMMON                         70       70        8         1
                bssCOMMON                            78       78        6         1

        CLASS   BANK0          
                cstackBANK0                          20       20       50         1

        CLASS   BANK1          
                cstackBANK1                          A0       A0       40         1
                dataBANK1                            E6       E6        1         1
                bssBANK1                             E0       E0        6         1

        CLASS   BANK2          

        CLASS   BANK3          
                bssBANK3                            190      190       20         1

        CLASS   RAM            

        CLASS   ABS1           
                abs_s1                               7E       7E        2         1

        CLASS   SFR0           

        CLASS   SFR1           

        CLASS   SFR2           

        CLASS   SFR3           

        CLASS   CONFIG         
                config                             2007     2007        1         4

        CLASS   IDLOC          

        CLASS   EEDATA         

        CLASS   HEAP           

        CLASS   STACK          



SEGMENTS        Name                           Load    Length   Top    Selector   Space  Class     Delta

                reset_vec                      000000  000003  000003         0       0  CODE        2
                intentry                       000004  0007F9  0007FD         8       0  CODE        2
                cstackBANK0                    000020  000050  000070        20       1  BANK0       1
                cstackCOMMON                   000070  00000E  00007E        70       1  COMMON      1
                cstackBANK1                    0000A0  000047  0000E7        A0       1  BANK1       1
                bssBANK3                       000190  000020  0001B0       190       1  BANK3       1
                text32                         000803  00000A  00080D      1006       0  CODE        2
                text7                          00080D  000057  000864      101A       0  CODE        2
                text3                          000864  000188  0009EC      10C8       0  CODE        2
                text30                         0009EC  0002D2  000CBE      13D8       0  CODE        2
                text27                         000CBE  000342  001000      197C       0  CODE        2
                strings                        001000  00008B  00108B      2000       0  STRING      2
                text1                          001091  00002B  0010BC      2122       0  CODE        2
                text10                         0010BC  000053  00110F      2178       0  CODE        2
                text36                         00110F  000054  001163      221E       0  CODE        2
                text5                          001163  000054  0011B7      22C6       0  CODE        2
                text24                         0011B7  000065  00121C      236E       0  CODE        2
                text6                          00121C  000066  001282      2438       0  CODE        2
                text15                         001282  000073  0012F5      2504       0  CODE        2
                text26                         0012F5  000076  00136B      25EA       0  CODE        2
                text13                         00136B  000085  0013F0      26D6       0  CODE        2
                text4                          0013F0  000095  001485      27E0       0  CODE        2
                text14                         001485  000099  00151E      290A       0  CODE        2
                text16                         00151E  0000A0  0015BE      2A3C       0  CODE        2
                text25                         0015BE  0000B0  00166E      2B7C       0  CODE        2
                text21                         00166E  0000B6  001724      2CDC       0  CODE        2
                text9                          001724  0000DC  001800      2E48       0  CODE        2
                clrtext                        001E01  000008  001E09      3C02       0  CODE        2
                text33                         001E09  00000A  001E13      3C12       0  CODE        2
                text20                         001E13  00000E  001E21      3C26       0  CODE        2
                text12                         001E21  000013  001E34      3C42       0  CODE        2
                text34                         001E34  000021  001E55      3C68       0  CODE        2
                text2                          001E55  000023  001E78      3CAA       0  CODE        2
                text35                         001E78  000025  001E9D      3CF0       0  CODE        2
                text8                          001E9D  000027  001EC4      3D3A       0  CODE        2
                text31                         001EC4  000028  001EEC      3D88       0  CODE        2
                text28                         001EEC  000029  001F15      3DD8       0  CODE        2
                text11                         001F15  00002B  001F40      3E2A       0  CODE        2
                text19                         001F40  00003C  001F7C      3E80       0  CODE        2
                text18                         001F7C  00003C  001FB8      3EF8       0  CODE        2
                text22                         001FB8  000048  002000      3F70       0  CODE        2


UNUSED ADDRESS RANGES

        Name                Unused          Largest block    Delta
        BANK1            00E7-00EF              9           1
        BANK2            0110-016F             60           1
        BANK3            01B0-01EF             40           1
        CODE             0003-0003              1           2
                         07FD-0802              3
                         108B-1090              6
                         1800-1E00            601
        CONST            0003-0003              1           2
                         07FD-0802              3
                         108B-1090              6
                         1800-1E00            100
        EEDATA           2100-21FF            100           2
        ENTRY            0003-0003              1           2
                         07FD-0802              3
                         108B-1090              6
                         1800-1E00            100
        IDLOC            2000-2003              4           2
        RAM              00E7-00EF              9           1
                         0110-016F             60
                         01B0-01EF             40
        SFR0             0000-001F             20           1
        SFR1             0080-009F             20           1
        SFR2             0100-010F             10           1
        SFR3             0180-018F             10           1
        STRCODE          0003-0003              1           2
                         07FD-0802              6
                         108B-1090              6
                         1800-1E00            601
        STRING           0003-0003              1           2
                         07FD-0802              3
                         108B-1090              6
                         1800-1E00            100

                                  Symbol Table

?_ADC_Read1                 cstackBANK0  0020
?_ADC_Read2                 cstackBANK0  0020
?__Umul8_16                 cstackBANK0  0020
?___aldiv                   cstackBANK0  0020
?___almod                   cstackBANK0  0020
?___awdiv                   cstackBANK0  0026
?___awmod                   cstackBANK0  0020
?___fladd                   cstackBANK0  0062
?___fldiv                   cstackBANK0  0048
?___flmul                   cstackBANK0  002E
?___fltol                   cstackBANK0  0048
?___lldiv                   cstackBANK0  002D
?___llmod                   cstackBANK0  0020
?___lmul                    cstackBANK0  0020
?___wmul                    cstackBANK0  002E
?___xxtofl                  cstackBANK0  0020
?_abs                       cstackBANK0  002B
?_read_prec_or_width        cstackBANK0  0034
?_sprintf                   cstackBANK0  005D
?_vfprintf                  cstackBANK0  0058
ADC_Read1@adc_value         cstackBANK0  0023
ISR@timer_value             cstackCOMMON 0076
USART_Write_Char@c          cstackBANK0  0020
USART_Write_Text@str        cstackBANK0  0021
USART_init@BaudRate         cstackBANK1  00AC
USART_init@Fosc             cstackBANK1  00A8
USART_init@x                cstackBANK1  00B0
_ADCON0                     (abs)        001F
_ADCON0bits                 (abs)        001F
_ADCON1                     (abs)        009F
_ADC_Read1                  text35       1E78
_ADC_Read2                  text34       1E34
_ADRESH                     (abs)        001E
_ADRESL                     (abs)        009E
_BRGH                       (abs)        04C2
_CCP1CON                    (abs)        0017
_CCPR1H                     (abs)        0016
_CCPR1L                     (abs)        0015
_CREN                       (abs)        00C4
_INTCONbits                 (abs)        000B
_ISR                        text36       110F
_OPTION_REGbits             (abs)        0081
_PIE1bits                   (abs)        008C
_PIR1bits                   (abs)        000C
_PORTB                      (abs)        0006
_PORTBbits                  (abs)        0006
_RCIF                       (abs)        0065
_RCREG                      (abs)        001A
_SPBRG                      (abs)        0099
_SPEN                       (abs)        00C7
_SYNC                       (abs)        04C4
_T1CONbits                  (abs)        0010
_TMR1H                      (abs)        000F
_TMR1L                      (abs)        000E
_TRISA                      (abs)        0085
_TRISB                      (abs)        0086
_TRISB0                     (abs)        0430
_TRISC2                     (abs)        043A
_TRISC6                     (abs)        043E
_TRISC7                     (abs)        043F
_TXEN                       (abs)        04C5
_TXIF                       (abs)        0064
_TXREG                      (abs)        0019
_Timer1_Init                text33       1E09
_USART_Write_Char           text32       0803
_USART_Write_Text           text31       1EC4
_USART_init                 text25       15BE
__H__absolute__             __absolute__ 0000
__Habs1                     abs1         0000
__Hbank0                    bank0        0000
__Hbank1                    bank1        0000
__Hbank2                    bank2        0000
__Hbank3                    bank3        0000
__HbssBANK1                 bssBANK1     0000
__HbssBANK3                 bssBANK3     0000
__HbssCOMMON                bssCOMMON    0000
__Hcinit                    cinit        0030
__Hclrtext                  clrtext      0000
__Hcode                     code         0000
__Hcommon                   common       0000
__Hconfig                   config       2008
__HcstackBANK0              cstackBANK0  0000
__HcstackBANK1              cstackBANK1  0000
__HcstackCOMMON             cstackCOMMON 0000
__HdataBANK1                dataBANK1    0000
__Heeprom_data              eeprom_data  0000
__Hend_init                 end_init     000F
__Hfunctab                  functab      0000
__Hheap                     heap         0000
__HidataBANK1               idataBANK1   0000
__Hinit                     init         000C
__Hintentry                 intentry     000C
__Hmaintext                 maintext     0000
__Hpowerup                  powerup      0000
__Hram                      ram          0000
__Hreset_vec                reset_vec    0003
__Hsfr0                     sfr0         0000
__Hsfr1                     sfr1         0000
__Hsfr2                     sfr2         0000
__Hsfr3                     sfr3         0000
__Hsivt                     sivt         000C
__Hspace_0                  (abs)        2000
__Hspace_1                  (abs)        01B0
__Hspace_2                  (abs)        0000
__Hspace_3                  (abs)        0000
__Hspace_4                  (abs)        400F
__Hstack                    stack        0000
__Hstrings                  strings      0000
__Htext                     text         0000
__L__absolute__             __absolute__ 0000
__Labs1                     abs1         0000
__Lbank0                    bank0        0000
__Lbank1                    bank1        0000
__Lbank2                    bank2        0000
__Lbank3                    bank3        0000
__LbssBANK1                 bssBANK1     0000
__LbssBANK3                 bssBANK3     0000
__LbssCOMMON                bssCOMMON    0000
__Lcinit                    cinit        000F
__Lclrtext                  clrtext      0000
__Lcode                     code         0000
__Lcommon                   common       0000
__Lconfig                   config       0000
__LcstackBANK0              cstackBANK0  0000
__LcstackBANK1              cstackBANK1  0000
__LcstackCOMMON             cstackCOMMON 0000
__LdataBANK1                dataBANK1    0000
__Leeprom_data              eeprom_data  0000
__Lend_init                 end_init     000C
__Lfunctab                  functab      0000
__Lheap                     heap         0000
__LidataBANK1               idataBANK1   0000
__Linit                     init         000C
__Lintentry                 intentry     0004
__Lmaintext                 maintext     0000
__Lpowerup                  powerup      0000
__Lram                      ram          0000
__Lreset_vec                reset_vec    0000
__Lsfr0                     sfr0         0000
__Lsfr1                     sfr1         0000
__Lsfr2                     sfr2         0000
__Lsfr3                     sfr3         0000
__Lsivt                     sivt         000C
__Lspace_0                  (abs)        0000
__Lspace_1                  (abs)        0000
__Lspace_2                  (abs)        0000
__Lspace_3                  (abs)        0000
__Lspace_4                  (abs)        0000
__Lstack                    stack        0000
__Lstrings                  strings      0000
__Ltext                     text         0000
__S0                        (abs)        2000
__S1                        (abs)        01B0
__S3                        (abs)        0000
__Umul8_16                  text28       1EEC
__Umul8_16@multiplicand     cstackBANK0  0020
__Umul8_16@multiplier       cstackBANK0  0028
__Umul8_16@product          cstackBANK0  0024
__Umul8_16@word_mpld        cstackBANK0  0026
___aldiv                    text14       1485
___aldiv@counter            cstackBANK0  0029
___aldiv@dividend           cstackBANK0  0024
___aldiv@divisor            cstackBANK0  0020
___aldiv@quotient           cstackBANK0  002B
___aldiv@sign               cstackBANK0  002A
___almod                    text13       136B
___almod@counter            cstackBANK0  0029
___almod@dividend           cstackBANK0  0024
___almod@divisor            cstackBANK0  0020
___almod@sign               cstackBANK0  002A
___awdiv                    text24       11B7
___awdiv@counter            cstackBANK0  002A
___awdiv@dividend           cstackBANK0  0028
___awdiv@divisor            cstackBANK0  0026
___awdiv@quotient           cstackBANK0  002C
___awdiv@sign               cstackBANK0  002B
___awmod                    text23       07A2
___awmod@counter            cstackBANK0  0024
___awmod@dividend           cstackBANK0  0022
___awmod@divisor            cstackBANK0  0020
___awmod@sign               cstackBANK0  0025
___fladd                    text30       09EC
___fladd@a                  cstackBANK0  0066
___fladd@aexp               cstackBANK0  006B
___fladd@b                  cstackBANK0  0062
___fladd@bexp               cstackBANK0  006C
___fladd@grs                cstackBANK0  006D
___fladd@signs              cstackBANK0  006A
___fldiv                    text29       05D8
___fldiv@a                  cstackBANK0  0048
___fldiv@aexp               cstackBANK0  0061
___fldiv@b                  cstackBANK0  004C
___fldiv@bexp               cstackBANK0  0060
___fldiv@grs                cstackBANK0  005C
___fldiv@new_exp            cstackBANK0  005A
___fldiv@rem                cstackBANK0  0055
___fldiv@sign               cstackBANK0  0059
___flmul                    text27       0CBE
___flmul@a                  cstackBANK0  0032
___flmul@aexp               cstackBANK0  0040
___flmul@b                  cstackBANK0  002E
___flmul@bexp               cstackBANK0  0041
___flmul@grs                cstackBANK0  003C
___flmul@prod               cstackBANK0  0042
___flmul@sign               cstackBANK0  003B
___flmul@temp               cstackBANK0  0046
___fltol                    text26       12F5
___fltol@exp1               cstackBANK0  0051
___fltol@f1                 cstackBANK0  0048
___fltol@sign1              cstackBANK0  0050
___heap_hi                  (abs)        0000
___heap_lo                  (abs)        0000
___int_sp                   stack        0000
___int_stack_hi             stack        0000
___int_stack_lo             stack        0000
___latbits                  (abs)        0002
___lldiv                    text6        121C
___lldiv@counter            cstackBANK0  003A
___lldiv@dividend           cstackBANK0  0031
___lldiv@divisor            cstackBANK0  002D
___lldiv@quotient           cstackBANK0  0036
___llmod                    text5        1163
___llmod@counter            cstackBANK0  0029
___llmod@dividend           cstackBANK0  0024
___llmod@divisor            cstackBANK0  0020
___lmul                     text22       1FB8
___lmul@multiplicand        cstackBANK0  0024
___lmul@multiplier          cstackBANK0  0020
___lmul@product             cstackBANK0  0029
___sp                       stack        0000
___stack_hi                 stack        0000
___stack_lo                 stack        0000
___stackhi                  (abs)        0000
___stacklo                  (abs)        0000
___wmul                     text8        1E9D
___wmul@multiplicand        cstackBANK0  0030
___wmul@multiplier          cstackBANK0  002E
___wmul@product             cstackBANK0  0032
___xxtofl                   text21       166E
___xxtofl@arg               cstackBANK0  002A
___xxtofl@exp               cstackBANK0  0029
___xxtofl@sign              cstackBANK0  0028
___xxtofl@val               cstackBANK0  0020
__end_of_ADC_Read1          text35       1E9D
__end_of_ADC_Read2          text34       1E55
__end_of_ISR                text36       1163
__end_of_Timer1_Init        text33       1E13
__end_of_USART_Write_Char   text32       080D
__end_of_USART_Write_Text   text31       1EEC
__end_of_USART_init         text25       166E
__end_of__Umul8_16          text28       1F15
__end_of___aldiv            text14       151E
__end_of___almod            text13       13F0
__end_of___awdiv            text24       121C
__end_of___awmod            text23       07FB
__end_of___fladd            text30       0CBE
__end_of___fldiv            text29       07A2
__end_of___flmul            text27       1000
__end_of___fltol            text26       136B
__end_of___lldiv            text6        1282
__end_of___llmod            text5        11B7
__end_of___lmul             text22       2000
__end_of___wmul             text8        1EC4
__end_of___xxtofl           text21       1724
__end_of__initialization    cinit        002C
__end_of__stringtab         strings      1010
__end_of_abs                text12       1E34
__end_of_ctoa               text15       12F5
__end_of_dtoa               text9        1800
__end_of_enable             text20       1E21
__end_of_fputc              text16       15BE
__end_of_fputs              text11       1F40
__end_of_lcd_cmd            text19       1F7C
__end_of_lcd_intial_4bits   text18       1FB8
__end_of_main               maintext     05D8
__end_of_pad                text10       110F
__end_of_putch              text17       07FD
__end_of_read_prec_or_width text7        0864
__end_of_sprintf            text1        10BC
__end_of_utoa               text4        1485
__end_of_vfpfcnvrt          text3        09EC
__end_of_vfprintf           text2        1E78
__initialization            cinit        000F
__pbssBANK1                 bssBANK1     00E0
__pbssBANK3                 bssBANK3     0190
__pbssCOMMON                bssCOMMON    0078
__pcstackBANK0              cstackBANK0  0020
__pcstackBANK1              cstackBANK1  00A0
__pcstackCOMMON             cstackCOMMON 0070
__pdataBANK1                dataBANK1    00E6
__pidataBANK1               idataBANK1   07FB
__pintentry                 intentry     0004
__pmaintext                 maintext     0030
__pstrings                  strings      1000
__ptext1                    text1        1091
__ptext10                   text10       10BC
__ptext11                   text11       1F15
__ptext12                   text12       1E21
__ptext13                   text13       136B
__ptext14                   text14       1485
__ptext15                   text15       1282
__ptext16                   text16       151E
__ptext17                   text17       07FC
__ptext18                   text18       1F7C
__ptext19                   text19       1F40
__ptext2                    text2        1E55
__ptext20                   text20       1E13
__ptext21                   text21       166E
__ptext22                   text22       1FB8
__ptext23                   text23       07A2
__ptext24                   text24       11B7
__ptext25                   text25       15BE
__ptext26                   text26       12F5
__ptext27                   text27       0CBE
__ptext28                   text28       1EEC
__ptext29                   text29       05D8
__ptext3                    text3        0864
__ptext30                   text30       09EC
__ptext31                   text31       1EC4
__ptext32                   text32       0803
__ptext33                   text33       1E09
__ptext34                   text34       1E34
__ptext35                   text35       1E78
__ptext36                   text36       110F
__ptext4                    text4        13F0
__ptext5                    text5        1163
__ptext6                    text6        121C
__ptext7                    text7        080D
__ptext8                    text8        1E9D
__ptext9                    text9        1724
__stringbase                strings      100F
__stringtab                 strings      1000
_abs                        text12       1E21
_ctoa                       text15       1282
_dbuf                       bssBANK3     0190
_dtoa                       text9        1724
_dtoa$931                   cstackBANK0  0043
_enable                     text20       1E13
_firstCapture               dataBANK1    00E6
_flags                      bssCOMMON    007C
_fputc                      text16       151E
_fputs                      text11       1F15
_lcd_cmd                    text19       1F40
_lcd_intial_4bits           text18       1F7C
_main                       maintext     0030
_main$1210                  cstackBANK1  00BE
_main$373                   cstackBANK1  00C0
_main$378                   cstackBANK1  00C2
_newMeasure                 bssCOMMON    007D
_pad                        text10       10BC
_period                     bssBANK1     00E4
_prec                       bssBANK1     00E0
_putch                      text17       07FC
_read_prec_or_width         text7        080D
_sprintf                    text1        1091
_t1                         bssBANK1     00E2
_t2                         bssCOMMON    007A
_utoa                       text4        13F0
_vfpfcnvrt                  text3        0864
_vfprintf                   text2        1E55
_width                      bssCOMMON    0078
abs@a                       cstackBANK0  002B
btemp                       (abs)        007E
clear_ram0                  clrtext      1E01
ctoa@c                      cstackBANK0  002F
ctoa@fp                     cstackBANK0  002D
ctoa@l                      cstackBANK0  0032
ctoa@w                      cstackBANK0  0034
dtoa@d                      cstackBANK0  003F
dtoa@fp                     cstackBANK0  003D
dtoa@i                      cstackBANK0  0049
dtoa@p                      cstackBANK0  0045
dtoa@s                      cstackBANK0  0048
dtoa@w                      cstackBANK0  0046
end_of_initialization       cinit        002C
fputc@c                     cstackBANK0  0020
fputc@fp                    cstackBANK0  0022
fputs@c                     cstackBANK0  0032
fputs@fp                    cstackBANK0  002E
fputs@i                     cstackBANK0  0033
fputs@s                     cstackBANK0  002D
interrupt_function          intentry     0004
intlevel0                   functab      0000
intlevel1                   functab      0000
intlevel2                   functab      0000
intlevel3                   functab      0000
intlevel4                   functab      0000
intlevel5                   functab      0000
lcd_cmd@cmd                 cstackBANK0  0023
main@ADC_value1             cstackBANK1  00DA
main@ADC_value2             cstackBANK1  00D6
main@abs_t                  cstackBANK1  00C4
main@abs_v                  cstackBANK1  00D8
main@freq                   cstackBANK1  00D2
main@freqRot                cstackBANK1  00B4
main@pot_percent            cstackBANK1  00BC
main@sign_t                 cstackBANK1  00C7
main@sign_v                 cstackBANK1  00C6
main@str_buffer             cstackBANK1  00C8
main@vitess                 cstackBANK1  00B8
main@voltage_mV1            cstackBANK1  00DE
main@voltage_mV2            cstackBANK1  00DC
pad@buf                     cstackBANK0  0037
pad@fp                      cstackBANK0  0035
pad@i                       cstackBANK0  003B
pad@p                       cstackBANK0  0038
read_prec_or_width@ap       cstackBANK0  0035
read_prec_or_width@c        cstackBANK0  0036
read_prec_or_width@fmt      cstackBANK0  0034
read_prec_or_width@n        cstackBANK0  0037
reset_vec                   reset_vec    0000
saved_w                     (abs)        007E
sprintf@ap                  cstackBANK1  00A0
sprintf@f                   cstackBANK1  00A1
sprintf@fmt                 cstackBANK0  005E
sprintf@s                   cstackBANK0  005D
start                       init         000C
start_initialization        cinit        000F
utoa@d                      cstackBANK0  003F
utoa@fp                     cstackBANK0  003D
utoa@i                      cstackBANK0  0046
utoa@p                      cstackBANK0  0043
utoa@w                      cstackBANK0  0044
vfpfcnvrt@ap                cstackBANK0  004E
vfpfcnvrt@c                 cstackBANK0  0056
vfpfcnvrt@convarg           cstackBANK0  0052
vfpfcnvrt@cp                cstackBANK0  0057
vfpfcnvrt@done              cstackBANK0  0051
vfpfcnvrt@fmt               cstackBANK0  004D
vfpfcnvrt@fp                cstackBANK0  004B
vfprintf@ap                 cstackBANK0  005B
vfprintf@cfmt               cstackBANK0  005C
vfprintf@fmt                cstackBANK0  005A
vfprintf@fp                 cstackBANK0  0058
wtemp0                      (abs)        007E


MODULE INFORMATION

Module		Function		Class		Link	Load	Size
USART_lib.c
		_USART_init    		CODE           	15BE	0000	176

USART_lib.c estimated size: 176

C:\Program Files\Microchip\xc8\v3.00\pic\sources\c99\common\abs.c
		_abs           		CODE           	1E21	0000	19

C:\Program Files\Microchip\xc8\v3.00\pic\sources\c99\common\abs.c estimated size: 19

C:\Program Files\Microchip\xc8\v3.00\pic\sources\c99\common\nf_fputc.c
		_fputc         		CODE           	151E	0000	160

C:\Program Files\Microchip\xc8\v3.00\pic\sources\c99\common\nf_fputc.c estimated size: 160

C:\Program Files\Microchip\xc8\v3.00\pic\sources\c99\common\Umul16.c
		___wmul        		CODE           	1E9D	0000	39

C:\Program Files\Microchip\xc8\v3.00\pic\sources\c99\common\Umul16.c estimated size: 39

C:\Program Files\Microchip\xc8\v3.00\pic\sources\c99\common\nf_sprintf.c
		_sprintf       		CODE           	1091	0000	43

C:\Program Files\Microchip\xc8\v3.00\pic\sources\c99\common\nf_sprintf.c estimated size: 43

C:\Program Files\Microchip\xc8\v3.00\pic\sources\c99\common\awmod.c
		___awmod       		CODE           	07A2	0000	89

C:\Program Files\Microchip\xc8\v3.00\pic\sources\c99\common\awmod.c estimated size: 89

main_teste_speed.c
		_ISR           		CODE           	110F	0000	84
		_main          		CODE           	0030	0000	1448
		_Timer1_Init   		CODE           	1E09	0000	10
		_USART_Write_Char		CODE           	0803	0000	10
		_USART_Write_Text		CODE           	1EC4	0000	40

main_teste_speed.c estimated size: 1592

C:\Program Files\Microchip\xc8\v3.00\pic\sources\c99\common\putch.c
		_putch         		CODE           	07FC	0000	1

C:\Program Files\Microchip\xc8\v3.00\pic\sources\c99\common\putch.c estimated size: 1

C:\Program Files\Microchip\xc8\v3.00\pic\sources\c99\common\llmod.c
		___llmod       		CODE           	1163	0000	84

C:\Program Files\Microchip\xc8\v3.00\pic\sources\c99\common\llmod.c estimated size: 84

C:\Program Files\Microchip\xc8\v3.00\pic\sources\c99\common\sprcmul.c
		___flmul       		CODE           	0CBE	0000	834

C:\Program Files\Microchip\xc8\v3.00\pic\sources\c99\common\sprcmul.c estimated size: 834

C:\Program Files\Microchip\xc8\v3.00\pic\sources\c99\common\Umul32.c
		___lmul        		CODE           	1FB8	0000	72

C:\Program Files\Microchip\xc8\v3.00\pic\sources\c99\common\Umul32.c estimated size: 72

C:\Program Files\Microchip\xc8\v3.00\pic\sources\c99\common\almod.c
		___almod       		CODE           	136B	0000	133

C:\Program Files\Microchip\xc8\v3.00\pic\sources\c99\common\almod.c estimated size: 133

C:\Program Files\Microchip\xc8\v3.00\pic\sources\c99\common\__lldiv.c
		___lldiv       		CODE           	121C	0000	102

C:\Program Files\Microchip\xc8\v3.00\pic\sources\c99\common\__lldiv.c estimated size: 102

LCD_LIB_4bits.c
		_lcd_cmd       		CODE           	1F40	0000	60
		_enable        		CODE           	1E13	0000	14
		_lcd_intial_4bits		CODE           	1F7C	0000	60

LCD_LIB_4bits.c estimated size: 134

C:\Program Files\Microchip\xc8\v3.00\pic\sources\c99\common\sprcdiv.c
		___fldiv       		CODE           	05D8	0000	458

C:\Program Files\Microchip\xc8\v3.00\pic\sources\c99\common\sprcdiv.c estimated size: 458

shared
		__stringtab    		STRING         	1000	0000	16
		__initialization		CODE           	000F	0000	29

shared estimated size: 45

C:\Program Files\Microchip\xc8\v3.00\pic\sources\c99\common\xxtofl.c
		___xxtofl      		CODE           	166E	0000	182

C:\Program Files\Microchip\xc8\v3.00\pic\sources\c99\common\xxtofl.c estimated size: 182

C:\Program Files\Microchip\xc8\v3.00\pic\sources\c99\common\nf_fputs.c
		_fputs         		CODE           	1F15	0000	43

C:\Program Files\Microchip\xc8\v3.00\pic\sources\c99\common\nf_fputs.c estimated size: 43

ADC.c
		_ADC_Read1     		CODE           	1E78	0000	37
		_ADC_Read2     		CODE           	1E34	0000	33

ADC.c estimated size: 70

C:\Program Files\Microchip\xc8\v3.00\pic\sources\c99\common\awdiv.c
		___awdiv       		CODE           	11B7	0000	101

C:\Program Files\Microchip\xc8\v3.00\pic\sources\c99\common\awdiv.c estimated size: 101

C:\Program Files\Microchip\xc8\v3.00\pic\sources\c99\common\fltol.c
		___fltol       		CODE           	12F5	0000	118

C:\Program Files\Microchip\xc8\v3.00\pic\sources\c99\common\fltol.c estimated size: 118

C:\Program Files\Microchip\xc8\v3.00\pic\sources\c99\common\aldiv.c
		___aldiv       		CODE           	1485	0000	153

C:\Program Files\Microchip\xc8\v3.00\pic\sources\c99\common\aldiv.c estimated size: 153

C:\Program Files\Microchip\xc8\v3.00\pic\sources\c99\common\doprnt.c
		_read_prec_or_width		CODE           	080D	0000	87
		_vfpfcnvrt     		CODE           	0864	0000	392
		_pad           		CODE           	10BC	0000	83
		_ctoa          		CODE           	1282	0000	115
		_dtoa          		CODE           	1724	0000	220
		_vfprintf      		CODE           	1E55	0000	35
		_utoa          		CODE           	13F0	0000	149

C:\Program Files\Microchip\xc8\v3.00\pic\sources\c99\common\doprnt.c estimated size: 1081

C:\Program Files\Microchip\xc8\v3.00\pic\sources\c99\common\sprcadd.c
		___fladd       		CODE           	09EC	0000	722

C:\Program Files\Microchip\xc8\v3.00\pic\sources\c99\common\sprcadd.c estimated size: 722

C:\Program Files\Microchip\xc8\v3.00\pic\sources\c99\common\Umul8_16.c
		__Umul8_16     		CODE           	1EEC	0000	41

C:\Program Files\Microchip\xc8\v3.00\pic\sources\c99\common\Umul8_16.c estimated size: 41

